
> tasknova-admin-panel@1.0.0 build
> next build

  Γû▓ Next.js 14.2.35
  - Environments: .env.local

   Creating an optimized production build ...
 Γ£ô Compiled successfully
   Linting and checking validity of types ...
   Collecting page data ...
   Generating static pages (0/38) ...
   Generating static pages (9/38) 
   Generating static pages (18/38) 
   Generating static pages (28/38) 
 Γ£ô Generating static pages (38/38)
   Finalizing page optimization ...
   Collecting build traces ...

Route (app)                              Size     First Load JS
Γöî Γùï /                                    146 B          87.5 kB
Γö£ Γùï /_not-found                          873 B          88.2 kB
Γö£ Γùï /admin/admins                        5.28 kB        97.6 kB
Γö£ Γùï /admin/blogs                         4.56 kB         152 kB
Γö£ Γùï /admin/chat-conversations            4.53 kB        96.9 kB
Γö£ Γùï /admin/company-brain                 10.9 kB         150 kB
Γö£ Γùï /admin/company-brain/context-memory  146 B          87.5 kB
Γö£ Γùï /admin/daily-standup-meetings        3.25 kB        95.6 kB
Γö£ ╞Æ /admin/daily-standup-meetings/[id]   46.4 kB         148 kB
Γö£ Γùï /admin/dashboard                     2.96 kB        99.4 kB
Γö£ Γùï /admin/demo-requests                 5.59 kB          98 kB
Γö£ Γùï /admin/industry-reports              4.65 kB         152 kB
Γö£ Γùï /admin/job-applicants                2.45 kB        97.8 kB
Γö£ Γùï /admin/job-openings                  5.93 kB        98.3 kB
Γö£ Γùï /admin/login                         1.94 kB        99.6 kB
Γö£ Γùï /admin/meetings-intelligence         3.47 kB        95.8 kB
Γö£ ╞Æ /admin/meetings-intelligence/[id]    3.75 kB         105 kB
Γö£ Γùï /admin/playbooks                     4.12 kB         151 kB
Γö£ Γùï /admin/project-brain                 16.8 kB         161 kB
Γö£ Γùï /admin/project-brain/context-memory  146 B          87.5 kB
Γö£ Γùï /admin/voice-conversations           2.63 kB          98 kB
Γö£ ╞Æ /api/admin/admins                    0 B                0 B
Γö£ ╞Æ /api/admin/blogs                     0 B                0 B
Γö£ ╞Æ /api/admin/chat-conversations        0 B                0 B
Γö£ ╞Æ /api/admin/company-context-memory    0 B                0 B
Γö£ ╞Æ /api/admin/daily-standup-meetings    0 B                0 B
Γö£ ╞Æ /api/admin/dashboard                 0 B                0 B
Γö£ ╞Æ /api/admin/demo-requests             0 B                0 B
Γö£ ╞Æ /api/admin/industry-reports          0 B                0 B
Γö£ ╞Æ /api/admin/job-applicants            0 B                0 B
Γö£ ╞Æ /api/admin/job-openings              0 B                0 B
Γö£ ╞Æ /api/admin/meetings-intelligence     0 B                0 B
Γö£ ╞Æ /api/admin/playbooks                 0 B                0 B
Γö£ ╞Æ /api/admin/project-context-memory    0 B                0 B
Γö£ ╞Æ /api/admin/voice-conversations       0 B                0 B
Γö£ ╞Æ /api/auth/login                      0 B                0 B
Γö£ ╞Æ /api/auth/logout                     0 B                0 B
Γö£ ╞Æ /api/auth/session                    0 B                0 B
Γöö ╞Æ /api/extract-text                    0 B                0 B
+ First Load JS shared by all            87.3 kB
  Γö£ chunks/117-7c928777a9d2a7b7.js       31.7 kB
  Γö£ chunks/fd9d1056-e1d52c3d9082212d.js  53.6 kB
  Γöö other shared chunks (total)          1.95 kB


╞Æ Middleware                             86.3 kB

Γùï  (Static)   prerendered as static content
╞Æ  (Dynamic)  server-rendered on demand

